[00:25:30] WARNING: Omitted undefined stereo

[00:25:30] WARNING: Omitted undefined stereo

[00:25:30] WARNING: Omitted undefined stereo

/root/autodl-tmp/IGEM/GALATEA-sustainable/analysis/models/multi_model_consensus.py:16: PerformanceWarning: DataFrame is highly fragmented.  This is usually the result of calling `frame.insert` many times, which has poor performance.  Consider joining all columns at once using pd.concat(axis=1) instead. To get a de-fragmented frame, use `newframe = frame.copy()`
  admetlab.insert(0, "compound_id", manifest["compound_id"].astype(str))
{
  "status": "PASS",
  "completed": [
    "structure validation",
    "ADMET-AI local prediction cache",
    "executed environmental exports",
    "cached model import",
    "multi-model consensus",
    "resource metrics",
    "GP figures: 0",
    "metabolite panel coverage",
    "panel coverage figure",
    "source manifest",
    "readiness audit",
    "evidence and framework figures",
    "real model result figures",
    "four fresh-model figures",
    "fresh-run provenance hashes",
    "M0-M14 analysis status",
    "website and wiki export"
  ],
  "external_api_calls": 0,
  "links": "PASS"
}
