[11:37:06] WARNING: Omitted undefined stereo

[11:37:06] WARNING: Omitted undefined stereo

[11:37:06] WARNING: Omitted undefined stereo

{
  "status": "PASS",
  "completed": [
    "structure validation",
    "ADMET-AI local prediction cache",
    "executed environmental exports",
    "skincare endpoint selection and evidence",
    "resource metrics",
    "GP figures: 0",
    "metabolite panel coverage",
    "panel coverage figure",
    "source manifest",
    "readiness audit",
    "environmental and process framework figures",
    "five skincare model figures",
    "fresh-run provenance hashes",
    "M0-M14 analysis status",
    "website and wiki export"
  ],
  "external_api_calls": 0,
  "links": "PASS"
}
