START MUTA_CAESAR
Initializing molecular descriptors engine...
Running models...
COMPLETE MUTA_CAESAR
START SKIN_CAESAR
Initializing molecular descriptors engine...
Running models...
COMPLETE SKIN_CAESAR
START BCF_CAESAR
Initializing molecular descriptors engine...
Running models...
COMPLETE BCF_CAESAR
START BCF_MEYLAN
Initializing molecular descriptors engine...
Running models...
COMPLETE BCF_MEYLAN
START BCF_ARNOTGOBAS
Initializing molecular descriptors engine...
Running models...
COMPLETE BCF_ARNOTGOBAS
START READYBIO_IRFMN
Initializing molecular descriptors engine...
Running models...
COMPLETE READYBIO_IRFMN
START LOGP_MEYLAN
Initializing molecular descriptors engine...
Running models...
COMPLETE LOGP_MEYLAN
START FISH_LC50
Initializing molecular descriptors engine...
Running models...
COMPLETE FISH_LC50
START DAPHNIA_EC50
Initializing molecular descriptors engine...
Running models...
COMPLETE DAPHNIA_EC50
START ALGAE_EC50
Initializing molecular descriptors engine...
Running models...
COMPLETE ALGAE_EC50
